........................................................XXXXXXX          [100%]
56 passed, 7 xpassed in 12.41s
